/mnt/vast-standard/home/hansadrian.bunzel01/u14852/AIzymes/design/TEST/TEST_SCC/5
********  (C) Copyright Rosetta Commons Member Institutions.  ***************
* Use of Rosetta for commercial purposes may require purchase of a license. *
********  See LICENSE.md or email license@uw.edu for more details. **********
