/mnt/vast-standard/home/hansadrian.bunzel01/u14852/AIzymes/design/TEST/TEST_SCC/1
********  (C) Copyright Rosetta Commons Member Institutions.  ***************
* Use of Rosetta for commercial purposes may require purchase of a license. *
********  See LICENSE.md or email license@uw.edu for more details. **********
core.init: Checking for fconfig files in pwd and ./rosetta/flags 
core.init: Rosetta version: rosetta.source.release-371 r371 2024.09+release.06b3cf8 06b3cf8ad0940d628690d0ed6fa2009d72ad2b44 https://www.rosettacommons.org 2024-03-07T14:59:22.624665
core.init: command: /scratch-scc/projects/scc_mmtm_bunzel/rosetta.source.release-371/main/source//bin/rosetta_scripts.linuxgccrelease -s /mnt/vast-standard/home/hansadrian.bunzel01/u14852/AIzymes/design/TEST/TEST_SCC/1/RosettaRelax/7vuu_1_input.pdb -extra_res_fa /mnt/vast-standard/home/hansadrian.bunzel01/u14852/AIzymes/design/TEST/Input/5TS.params -parser:protocol /mnt/vast-standard/home/hansadrian.bunzel01/u14852/AIzymes/design/TEST/TEST_SCC/1/scripts/RosettaRelax_1.xml -out:file:scorefile /mnt/vast-standard/home/hansadrian.bunzel01/u14852/AIzymes/design/TEST/TEST_SCC/1/score_RosettaRelax.sc -nstruct 1 -ignore_zero_occupancy false -corrections::beta_nov16 true -run:preserve_header true -overwrite
basic.random.init_random_generator: 'RNG device' seed mode, using '/dev/urandom', seed=-1453378835 seed_offset=0 real_seed=-1453378835
basic.random.init_random_generator: RandomGenerator:init: Normal mode, seed=-1453378835 RG_type=mt19937
core.init: Resolved executable path: /scratch-scc/projects/scc_mmtm_bunzel/rosetta.source.release-371/main/source/build/src/release/linux/4.18/64/x86/gcc/8/default/rosetta_scripts.default.linuxgccrelease
core.init: Looking for database based on location of executable: /scratch-scc/projects/scc_mmtm_bunzel/rosetta.source.release-371/main/database/
protocols.jd2.PDBJobInputter: Instantiate PDBJobInputter
protocols.jd2.PDBJobInputter: PDBJobInputter::fill_jobs
protocols.jd2.PDBJobInputter: pushed /mnt/vast-standard/home/hansadrian.bunzel01/u14852/AIzymes/design/TEST/TEST_SCC/1/RosettaRelax/7vuu_1_input.pdb nstruct index 1
protocols.evaluation.ChiWellRmsdEvaluatorCreator: Evaluation Creator active ... 
protocols.jd2.PDBJobInputter: PDBJobInputter::pose_from_job
protocols.jd2.PDBJobInputter: filling pose from PDB /mnt/vast-standard/home/hansadrian.bunzel01/u14852/AIzymes/design/TEST/TEST_SCC/1/RosettaRelax/7vuu_1_input.pdb
core.chemical.GlobalResidueTypeSet: Finished initializing fa_standard residue type set.  Created 986 residue types
core.chemical.GlobalResidueTypeSet: Total time to initialize 2.07238 seconds.
core.import_pose.import_pose: File '/mnt/vast-standard/home/hansadrian.bunzel01/u14852/AIzymes/design/TEST/TEST_SCC/1/RosettaRelax/7vuu_1_input.pdb' automatically determined to be of type UNKNOWN
Error: [ ERROR ] ERROR: Exception caught by JobDistributor while trying to get pose from job '7vuu_1_input_0001'
Error: [ ERROR ] Treating failure as bad input; canceling similar jobs
protocols.jd2.FileSystemJobDistributor: job failed, reporting bad input; other jobs of same input will be canceled: 7vuu_1_input_0001
protocols.jd2.JobDistributor: no more batches to process... 
protocols.jd2.JobDistributor: 1 jobs considered, 1 jobs attempted in 60 seconds
-nc              Trajectory file      :  /mnt/vast-standard/home/hansadrian.bunzel01/u14852/AIzymes/design/TEST/TEST_SCC/1/ElectricFields/7vuu_RosettaRelax_1.rst7
-parm            Parameter file       :  /mnt/vast-standard/home/hansadrian.bunzel01/u14852/AIzymes/design/TEST/TEST_SCC/1/ElectricFields/7vuu_RosettaRelax_1.parm7
-out             Output file          :  /mnt/vast-standard/home/hansadrian.bunzel01/u14852/AIzymes/design/TEST/TEST_SCC/1/ElectricFields/7vuu_RosettaRelax_1_fields.pkl
-target          Field target         :  /mnt/vast-standard/home/hansadrian.bunzel01/u14852/AIzymes/design/TEST/TEST_SCC/parent/field_target.dat
-arg_solvent     Non-protein residues :  WAT
-exclude_atoms   Atoms excluded       : Full residue defined in the first Atom for each Target.

Field calculation RUNNING :  2025-02-18 19:08:43.961361
