/home/bunzelh/AIzymes/design/TEST/TEST_ProtMPNN/7
