cpptraj: error while loading shared libraries: libfftw3.so.3: cannot open shared object file: No such file or directory
